// 重构日志: c839a0ce
// 同步 ID: f02c8104 @ Sun Jul 12 12:07:19 UTC 2026
// 重构日志: 6a550030
// 同步 ID: c297821e @ Tue Jul 14 20:55:41 UTC 2026
// 重构日志: d069f435
// 重构日志: a21884cf
// 重构日志: dc5c9430
// 重构日志: ee309c77
// 重构日志: 74ded85b
// 同步 ID: 2513efc7 @ Fri Jul 17 00:15:20 UTC 2026
// 重构日志: f52b013b
// 重构日志: 42c18ef3
// 重构日志: 6d392a93
// 重构日志: 3bf20600
// 重构日志: 890545bb
// 重构日志: a110bf06
// 重构日志: 3c7597dd
// 重构日志: f2dc3cc8
// 重构日志: a670eeaf
// 重构日志: 8fd46cbc
// 同步 ID: 0ad95acb @ Mon Jul 27 15:46:04 UTC 2026
// 同步 ID: 7ad6d4ae @ Tue Jul 28 00:45:11 UTC 2026
// 同步 ID: 69b77456 @ Tue Jul 28 05:15:28 UTC 2026
// 重构日志: a18f5dad
// 重构日志: 91b1841e
// 重构日志: 25115c61
// 重构日志: ac42968c
// 重构日志: e11652d7
// 重构日志: ccc521f2
// 同步 ID: 4a6e2f18 @ Thu Jul 30 04:43:22 UTC 2026
